// Jest Snapshot v1, https://goo.gl/fbAQLP

exports[`App should render correctly 1`] = `
<h1>
  Dashboard works fine!!
</h1>
`;
