// Jest Snapshot v1, https://goo.gl/fbAQLP

exports[`App should render correctly 1`] = `
<h1>
  Marketing works fine!1
</h1>
`;
